---
Afrobeats High
idg, asa wizkid
love me or give me red wine, asa
---
Afrobeats Low
hallelujah, burna boy
---
CHH Low
dying breed, gemstones
moonlight bay, shiwan
sirens, alano adan
shine ain't gold, shiwan
light it up, bizzle datin
devil's work, bizzle
small town, taelor gray
---
EDM
inside out cover, monlee
---
Eminem
the sauce
---
J. Cole
visions of home
friday night lights intro
cole summer
grew up fast
simba
be
before i'm gone
chris tucker
how high
back to the topic
tears for odb
grown simba
revenge of the dreamers
just to get by
villematic
dead presidents ii
mama told me
show me something
blow up
world is empty
things change, omen
return of simba
2face
cost me a lot
lil ghetto nigga
heartache
farewell
last call
black friday
who dat
it won't be long
killers
nothing like it
i'm a fool
see it to believe it
the cure
stay
rather be with you
kenny lofton
can i holla at ya
bitchez
2012
too deep for the intro
like it or love it
lakers freestyle
procrastination
---
LoFi
just a man, logic
offering, jaden smith
the heart & the tongue, chance the rapper
---
Rap
black friday, kendrick
---
Rock
lust, malvina
rise again, stage one

